{
    "id": 1,
    "title": "Places to stay in Rome",
    "slug": "places-to-stay-in-rome",
    "content": [
        {
            "type": "paragraph",
            "content": "Here is a list of the 3 best places to stay in Rome:"
        },
        {
            "type": "paragraph",
            "content": "<strong>Hotel 1<\/strong><br \/>Hotel 1 description"
        },
        {
            "type": "paragraph",
            "content": "<strong>Hotel 2<\/strong><br \/>Hotel 2 description"
        },
        {
            "type": "paragraph",
            "content": "<strong>Hotel 3<\/strong><br \/>Hotel 3 description"
        }
    ]
}
